
> rest-express@1.0.0 check
> tsc

client/src/components/_archived/FlavoursSection.backup.tsx(3,25): error TS2307: Cannot find module './FlavourCard' or its corresponding type declarations.
client/src/components/_archived/FlavoursSection.backup.tsx(4,26): error TS2307: Cannot find module './FlavourModal' or its corresponding type declarations.
client/src/components/FlavoursSection.tsx(268,17): error TS2322: Type '{ key: FlavourKey; name: string; description: string; image: string; priceLabel: string; buttonText: string; onViewDetails: () => void; onAddToCart: () => void; isInCart: boolean; animationDelay: number; }' is not assignable to type 'IntrinsicAttributes & FlavourCardProps'.
  Property 'priceLabel' does not exist on type 'IntrinsicAttributes & FlavourCardProps'.
server/vite.ts(23,39): error TS2345: Argument of type '{ configFile: false; root: string; customLogger: { error: (msg: string, options: LogErrorOptions | undefined) => never; info(msg: string, options?: LogOptions | undefined): void; ... 4 more ...; hasWarned: boolean; }; ... 24 more ...; worker?: { ...; } | undefined; }' is not assignable to parameter of type 'InlineConfig'.
  Types of property 'plugins' are incompatible.
    Type 'import("C:/Users/RUTVIJ/OneDrive/Desktop/POPTUM2/PoptumCatalog2/client/node_modules/vite/dist/node/index").PluginOption[] | undefined' is not assignable to type 'import("C:/Users/RUTVIJ/OneDrive/Desktop/POPTUM2/PoptumCatalog2/node_modules/vite/dist/node/index").PluginOption[] | undefined'.
      Type 'import("C:/Users/RUTVIJ/OneDrive/Desktop/POPTUM2/PoptumCatalog2/client/node_modules/vite/dist/node/index").PluginOption[]' is not assignable to type 'import("C:/Users/RUTVIJ/OneDrive/Desktop/POPTUM2/PoptumCatalog2/node_modules/vite/dist/node/index").PluginOption[]'.
        Type 'import("C:/Users/RUTVIJ/OneDrive/Desktop/POPTUM2/PoptumCatalog2/client/node_modules/vite/dist/node/index").PluginOption' is not assignable to type 'import("C:/Users/RUTVIJ/OneDrive/Desktop/POPTUM2/PoptumCatalog2/node_modules/vite/dist/node/index").PluginOption'.
          Type 'Plugin<any>' is not assignable to type 'PluginOption'.
            Type 'import("C:/Users/RUTVIJ/OneDrive/Desktop/POPTUM2/PoptumCatalog2/client/node_modules/vite/dist/node/index").Plugin<any>' is not assignable to type 'import("C:/Users/RUTVIJ/OneDrive/Desktop/POPTUM2/PoptumCatalog2/node_modules/vite/dist/node/index").Plugin<any>'.
              Types of property 'apply' are incompatible.
                Type '"serve" | "build" | ((this: void, config: import("C:/Users/RUTVIJ/OneDrive/Desktop/POPTUM2/PoptumCatalog2/client/node_modules/vite/dist/node/index").UserConfig, env: import("C:/Users/RUTVIJ/OneDrive/Desktop/POPTUM2/PoptumCatalog2/client/node_modules/vite/dist/node/index").ConfigEnv) => boolean) | undefined' is not assignable to type '"serve" | "build" | ((this: void, config: import("C:/Users/RUTVIJ/OneDrive/Desktop/POPTUM2/PoptumCatalog2/node_modules/vite/dist/node/index").UserConfig, env: import("C:/Users/RUTVIJ/OneDrive/Desktop/POPTUM2/PoptumCatalog2/node_modules/vite/dist/node/index").ConfigEnv) => boolean) | undefined'.
                  Type '(this: void, config: UserConfig, env: ConfigEnv) => boolean' is not assignable to type '"serve" | "build" | ((this: void, config: UserConfig, env: ConfigEnv) => boolean) | undefined'.
                    Type '(this: void, config: import("C:/Users/RUTVIJ/OneDrive/Desktop/POPTUM2/PoptumCatalog2/client/node_modules/vite/dist/node/index").UserConfig, env: import("C:/Users/RUTVIJ/OneDrive/Desktop/POPTUM2/PoptumCatalog2/client/node_modules/vite/dist/node/index").ConfigEnv) => boolean' is not assignable to type '(this: void, config: import("C:/Users/RUTVIJ/OneDrive/Desktop/POPTUM2/PoptumCatalog2/node_modules/vite/dist/node/index").UserConfig, env: import("C:/Users/RUTVIJ/OneDrive/Desktop/POPTUM2/PoptumCatalog2/node_modules/vite/dist/node/index").ConfigEnv) => boolean'.
                      Types of parameters 'config' and 'config' are incompatible.
                        Type 'import("C:/Users/RUTVIJ/OneDrive/Desktop/POPTUM2/PoptumCatalog2/node_modules/vite/dist/node/index").UserConfig' is not assignable to type 'import("C:/Users/RUTVIJ/OneDrive/Desktop/POPTUM2/PoptumCatalog2/client/node_modules/vite/dist/node/index").UserConfig'.
                          Types of property 'plugins' are incompatible.
                            Type 'import("C:/Users/RUTVIJ/OneDrive/Desktop/POPTUM2/PoptumCatalog2/node_modules/vite/dist/node/index").PluginOption[] | undefined' is not assignable to type 'import("C:/Users/RUTVIJ/OneDrive/Desktop/POPTUM2/PoptumCatalog2/client/node_modules/vite/dist/node/index").PluginOption[] | undefined'.
                              Type 'import("C:/Users/RUTVIJ/OneDrive/Desktop/POPTUM2/PoptumCatalog2/node_modules/vite/dist/node/index").PluginOption[]' is not assignable to type 'import("C:/Users/RUTVIJ/OneDrive/Desktop/POPTUM2/PoptumCatalog2/client/node_modules/vite/dist/node/index").PluginOption[]'.
                                Type 'import("C:/Users/RUTVIJ/OneDrive/Desktop/POPTUM2/PoptumCatalog2/node_modules/vite/dist/node/index").PluginOption' is not assignable to type 'import("C:/Users/RUTVIJ/OneDrive/Desktop/POPTUM2/PoptumCatalog2/client/node_modules/vite/dist/node/index").PluginOption'.
                                  Type 'Plugin<any>' is not assignable to type 'PluginOption'.
                                    Type 'import("C:/Users/RUTVIJ/OneDrive/Desktop/POPTUM2/PoptumCatalog2/node_modules/vite/dist/node/index").Plugin<any>' is not assignable to type 'import("C:/Users/RUTVIJ/OneDrive/Desktop/POPTUM2/PoptumCatalog2/client/node_modules/vite/dist/node/index").Plugin<any>'.
                                      Types of property 'apply' are incompatible.
                                        Type '"serve" | "build" | ((this: void, config: import("C:/Users/RUTVIJ/OneDrive/Desktop/POPTUM2/PoptumCatalog2/node_modules/vite/dist/node/index").UserConfig, env: import("C:/Users/RUTVIJ/OneDrive/Desktop/POPTUM2/PoptumCatalog2/node_modules/vite/dist/node/index").ConfigEnv) => boolean) | undefined' is not assignable to type '"serve" | "build" | ((this: void, config: import("C:/Users/RUTVIJ/OneDrive/Desktop/POPTUM2/PoptumCatalog2/client/node_modules/vite/dist/node/index").UserConfig, env: import("C:/Users/RUTVIJ/OneDrive/Desktop/POPTUM2/PoptumCatalog2/client/node_modules/vite/dist/node/index").ConfigEnv) => boolean) | undefined'.
                                          Type '(this: void, config: UserConfig, env: ConfigEnv) => boolean' is not assignable to type '"serve" | "build" | ((this: void, config: UserConfig, env: ConfigEnv) => boolean) | undefined'.
